// Jest Snapshot v1, https://goo.gl/fbAQLP

exports[`<Home /> 1`] = `
<div
  align="center"
>
  <meta
    content="minimum-scale=1, initial-scale=1, width=device-width"
    name="viewport"
  />
  <div
    className="MuiContainer-root MuiContainer-maxWidthLg"
  >
    <h1
      className="MuiTypography-root MuiTypography-h1 MuiTypography-gutterBottom"
    >
      Welcome to the GA4GH Starter Kit
    </h1>
    <h3
      className="MuiTypography-root MuiTypography-h3 MuiTypography-gutterBottom"
    >
      Get Started
    </h3>
    <p
      className="MuiTypography-root MuiTypography-body1 MuiTypography-gutterBottom"
    >
      Click the buttons below to start using one of the GA4GH Starter Kits
    </p>
    <div>
      <nav>
        <a
          aria-disabled={false}
          className="MuiButtonBase-root MuiButton-root MuiButton-contained MuiButton-containedPrimary MuiButton-containedSizeLarge MuiButton-sizeLarge"
          href="/drs"
          onBlur={[Function]}
          onClick={[Function]}
          onDragLeave={[Function]}
          onFocus={[Function]}
          onKeyDown={[Function]}
          onKeyUp={[Function]}
          onMouseDown={[Function]}
          onMouseLeave={[Function]}
          onMouseUp={[Function]}
          onTouchEnd={[Function]}
          onTouchMove={[Function]}
          onTouchStart={[Function]}
          role="button"
          tabIndex={0}
        >
          <span
            className="MuiButton-label"
          >
            <span
              className="MuiTypography-root MuiTypography-button"
            >
              DRS Starter Kit
            </span>
          </span>
        </a>
      </nav>
    </div>
  </div>
</div>
`;
