// Jest Snapshot v1, https://goo.gl/fbAQLP

exports[`the correct Home page elements are displayed 1`] = `
<div
  class="MuiContainer-root makeStyles-root-1 MuiContainer-maxWidthLg"
>
  <nav
    class="MuiTypography-root MuiBreadcrumbs-root makeStyles-root-2 MuiTypography-body1 MuiTypography-colorTextSecondary"
  >
    <ol
      class="MuiBreadcrumbs-ol"
    >
      <li
        class="MuiBreadcrumbs-li"
      >
        <span>
          <a
            class="makeStyles-link-3"
            color="inherit"
            href="/home"
          >
            starter-kit
          </a>
        </span>
      </li>
    </ol>
  </nav>
  <h1
    class="MuiTypography-root MuiTypography-h1 MuiTypography-gutterBottom"
  >
    Welcome to the GA4GH Starter Kit
  </h1>
  <button
    class="MuiButtonBase-root MuiButton-root MuiButton-outlined MuiButton-outlinedSecondary"
    tabindex="0"
    type="button"
  >
    <span
      class="MuiButton-label"
    >
      <a
        href="/services"
      >
        <span
          class="MuiTypography-root MuiTypography-button"
        >
          Get Started
        </span>
      </a>
    </span>
    <span
      class="MuiTouchRipple-root"
    />
  </button>
</div>
`;
