// Jest Snapshot v1, https://goo.gl/fbAQLP

exports[`DrsMain SHOW form render 1`] = `
<div>
  <div>
    <meta
      content="minimum-scale=1, initial-scale=1, width=device-width"
      name="viewport"
    />
    <div
      class="MuiContainer-root MuiContainer-maxWidthLg"
    >
      <div
        class="MuiGrid-root MuiGrid-container MuiGrid-align-items-xs-center MuiGrid-justify-xs-space-between"
      >
        <div
          align="left"
          class="MuiGrid-root MuiGrid-item MuiGrid-grid-xs-2"
        >
          <a
            aria-disabled="false"
            aria-label="drs-index-button"
            class="MuiButtonBase-root MuiButton-root MuiButton-contained MuiButton-containedPrimary MuiButton-containedSizeLarge MuiButton-sizeLarge"
            href="/drs"
            role="button"
            tabindex="0"
          >
            <span
              class="MuiButton-label"
            >
              <span
                class="MuiTypography-root MuiTypography-button"
              >
                DRS Index
              </span>
            </span>
            <span
              class="MuiTouchRipple-root"
            />
          </a>
        </div>
        <div
          class="MuiGrid-root MuiGrid-item MuiGrid-grid-xs-8"
        >
          <h3
            class="MuiTypography-root MuiTypography-h3 MuiTypography-gutterBottom MuiTypography-alignCenter"
          >
            View DrsObject: 1a570e4e-2489-4218-9333-f65549495872
          </h3>
        </div>
        <div
          align="right"
          class="MuiGrid-root MuiGrid-item MuiGrid-grid-xs-2"
        >
          <a
            aria-disabled="false"
            aria-label="edit-drs-object-button"
            class="MuiButtonBase-root MuiButton-root MuiButton-contained MuiButton-containedPrimary MuiButton-containedSizeLarge MuiButton-sizeLarge"
            href="/drs/1a570e4e-2489-4218-9333-f65549495872/edit"
            role="button"
            tabindex="0"
          >
            <span
              class="MuiButton-label"
            >
              <span
                class="MuiTypography-root MuiTypography-button"
              >
                Edit
              </span>
              <span
                class="MuiButton-endIcon MuiButton-iconSizeLarge"
              >
                <svg
                  aria-hidden="true"
                  class="MuiSvgIcon-root"
                  focusable="false"
                  viewBox="0 0 24 24"
                >
                  <path
                    d="M3 17.25V21h3.75L17.81 9.94l-3.75-3.75L3 17.25zM20.71 7.04c.39-.39.39-1.02 0-1.41l-2.34-2.34a.9959.9959 0 00-1.41 0l-1.83 1.83 3.75 3.75 1.83-1.83z"
                  />
                </svg>
              </span>
            </span>
            <span
              class="MuiTouchRipple-root"
            />
          </a>
        </div>
      </div>
      <div
        class="MuiBox-root MuiBox-root-1"
      >
        <form>
          <div
            class="MuiGrid-root MuiGrid-container MuiGrid-spacing-xs-4 MuiGrid-align-items-xs-center MuiGrid-justify-xs-space-between"
          >
            <div
              class="MuiGrid-root MuiGrid-item MuiGrid-grid-xs-true"
            >
              <div
                class="MuiFormControl-root MuiFormControl-fullWidth"
              >
                <div
                  class="MuiFormControl-root MuiTextField-root MuiFormControl-marginNormal"
                >
                  <label
                    class="MuiFormLabel-root MuiInputLabel-root MuiInputLabel-formControl MuiInputLabel-animated MuiInputLabel-shrink MuiFormLabel-filled"
                    data-shrink="true"
                    for="id"
                    id="id-label"
                  >
                    Id
                  </label>
                  <div
                    class="MuiInputBase-root MuiInput-root MuiInput-underline MuiInputBase-formControl MuiInput-formControl"
                  >
                    <input
                      aria-describedby="id-helper-text"
                      aria-invalid="false"
                      class="MuiInputBase-input MuiInput-input"
                      id="id"
                      name="id"
                      readonly=""
                      type="text"
                      value="1a570e4e-2489-4218-9333-f65549495872"
                    />
                  </div>
                  <p
                    class="MuiFormHelperText-root MuiFormHelperText-filled"
                    id="id-helper-text"
                  >
                    Unique identifier for this DRS Object (UUID recommended), cannot be modified later.
                  </p>
                </div>
              </div>
            </div>
          </div>
          <div
            class="MuiFormControl-root MuiFormControl-fullWidth"
          >
            <div
              class="MuiFormControl-root MuiTextField-root MuiFormControl-marginNormal"
            >
              <label
                class="MuiFormLabel-root MuiInputLabel-root MuiInputLabel-formControl MuiInputLabel-animated MuiInputLabel-shrink MuiFormLabel-filled"
                data-shrink="true"
                for="name"
                id="name-label"
              >
                Name
              </label>
              <div
                class="MuiInputBase-root MuiInput-root MuiInput-underline MuiInputBase-formControl MuiInput-formControl"
              >
                <input
                  aria-describedby="name-helper-text"
                  aria-invalid="false"
                  class="MuiInputBase-input MuiInput-input"
                  id="name"
                  name="name"
                  readonly=""
                  type="text"
                  value="phenopackets.cao.1"
                />
              </div>
              <p
                class="MuiFormHelperText-root MuiFormHelperText-filled"
                id="name-helper-text"
              >
                Short, descriptive name for this DRS Object.
              </p>
            </div>
          </div>
          <div
            class="MuiFormControl-root MuiFormControl-fullWidth"
          >
            <div
              class="MuiFormControl-root MuiTextField-root MuiFormControl-marginNormal"
            >
              <label
                class="MuiFormLabel-root MuiInputLabel-root MuiInputLabel-formControl MuiInputLabel-animated MuiInputLabel-shrink MuiFormLabel-filled"
                data-shrink="true"
                for="description"
                id="description-label"
              >
                Description
              </label>
              <div
                class="MuiInputBase-root MuiInput-root MuiInput-underline MuiInputBase-formControl MuiInput-formControl"
              >
                <input
                  aria-describedby="description-helper-text"
                  aria-invalid="false"
                  class="MuiInputBase-input MuiInput-input"
                  id="description"
                  name="description"
                  readonly=""
                  type="text"
                  value="Phenopackets, Cao family, Patient 1"
                />
              </div>
              <p
                class="MuiFormHelperText-root MuiFormHelperText-filled"
                id="description-helper-text"
              >
                Longer description of this DRS Object.
              </p>
            </div>
          </div>
          <div
            class="MuiGrid-root MuiGrid-container MuiGrid-spacing-xs-4"
          >
            <div
              class="MuiGrid-root MuiGrid-item MuiGrid-grid-xs-4"
            >
              <div
                class="MuiFormControl-root MuiFormControl-fullWidth"
              >
                <div
                  class="MuiFormControl-root MuiFormControl-fullWidth"
                >
                  <div
                    class="MuiFormControl-root MuiTextField-root MuiFormControl-marginNormal"
                    format="yyyy-MM-dd HH:mm:ss OOOO"
                    readonly=""
                  >
                    <label
                      class="MuiFormLabel-root MuiInputLabel-root MuiInputLabel-formControl MuiInputLabel-animated MuiInputLabel-shrink MuiFormLabel-filled"
                      data-shrink="true"
                      for="created_time"
                      id="created_time-label"
                    >
                      Created Time
                    </label>
                    <div
                      class="MuiInputBase-root MuiInput-root MuiInput-underline MuiInputBase-formControl MuiInput-formControl"
                    >
                      <input
                        aria-describedby="created_time-helper-text"
                        aria-invalid="false"
                        class="MuiInputBase-input MuiInput-input"
                        id="created_time"
                        name="created_time"
                        readonly=""
                        type="text"
                        value="2021-03-12 15:00:00 GMT-05:00"
                      />
                    </div>
                    <p
                      class="MuiFormHelperText-root MuiFormHelperText-filled"
                      id="created_time-helper-text"
                    >
                      Timestamp of DRS Object creation in ISO 8601 format.
                    </p>
                  </div>
                </div>
              </div>
            </div>
            <div
              class="MuiGrid-root MuiGrid-item MuiGrid-grid-xs-4"
            >
              <div
                class="MuiFormControl-root MuiFormControl-fullWidth"
              >
                <div
                  class="MuiFormControl-root MuiFormControl-fullWidth"
                >
                  <div
                    class="MuiFormControl-root MuiTextField-root MuiFormControl-marginNormal"
                    format="yyyy-MM-dd HH:mm:ss OOOO"
                    readonly=""
                  >
                    <label
                      class="MuiFormLabel-root MuiInputLabel-root MuiInputLabel-formControl MuiInputLabel-animated MuiInputLabel-shrink MuiFormLabel-filled"
                      data-shrink="true"
                      for="updated_time"
                      id="updated_time-label"
                    >
                      Updated Time
                    </label>
                    <div
                      class="MuiInputBase-root MuiInput-root MuiInput-underline MuiInputBase-formControl MuiInput-formControl"
                    >
                      <input
                        aria-describedby="updated_time-helper-text"
                        aria-invalid="false"
                        class="MuiInputBase-input MuiInput-input"
                        id="updated_time"
                        name="updated_time"
                        readonly=""
                        type="text"
                        value="2021-03-13 07:30:45 GMT-05:00"
                      />
                    </div>
                    <p
                      class="MuiFormHelperText-root MuiFormHelperText-filled"
                      id="updated_time-helper-text"
                    >
                      Timestamp of when the DRS Object was most recently updated in ISO 8601 format.
                    </p>
                  </div>
                </div>
              </div>
            </div>
            <div
              class="MuiGrid-root MuiGrid-item MuiGrid-grid-xs-4"
            >
              <div
                class="MuiFormControl-root MuiFormControl-fullWidth"
              >
                <div
                  class="MuiFormControl-root MuiTextField-root MuiFormControl-marginNormal"
                >
                  <label
                    class="MuiFormLabel-root MuiInputLabel-root MuiInputLabel-formControl MuiInputLabel-animated MuiInputLabel-shrink MuiFormLabel-filled"
                    data-shrink="true"
                    for="version"
                    id="version-label"
                  >
                    Version
                  </label>
                  <div
                    class="MuiInputBase-root MuiInput-root MuiInput-underline MuiInputBase-formControl MuiInput-formControl"
                  >
                    <input
                      aria-describedby="version-helper-text"
                      aria-invalid="false"
                      class="MuiInputBase-input MuiInput-input"
                      id="version"
                      name="version"
                      readonly=""
                      type="text"
                      value="1.0.0"
                    />
                  </div>
                  <p
                    class="MuiFormHelperText-root MuiFormHelperText-filled"
                    id="version-helper-text"
                  >
                    Current version of the DRS Object, it should be updated each time the DRS Object is modified.
                  </p>
                </div>
              </div>
            </div>
          </div>
          <div
            class="MuiFormGroup-root"
          >
            <h6
              class="MuiTypography-root MuiTypography-h6 MuiTypography-alignLeft"
            >
              Is this DRS Object a bundle or a blob?
            </h6>
            <p
              class="MuiTypography-root MuiTypography-body2 MuiTypography-colorTextSecondary MuiTypography-alignLeft"
            >
              Bundles contain references to Child Drs Objects, while Blobs act as single DRS Objects and do not have any children.
            </p>
            <div
              class="MuiFormGroup-root"
              role="radiogroup"
            >
              <label
                class="MuiFormControlLabel-root Mui-disabled"
              >
                <span
                  aria-disabled="true"
                  class="MuiButtonBase-root MuiIconButton-root PrivateSwitchBase-root-2 MuiRadio-root MuiRadio-colorPrimary PrivateSwitchBase-checked-3 Mui-checked PrivateSwitchBase-disabled-4 Mui-disabled MuiIconButton-colorPrimary Mui-disabled Mui-disabled"
                  tabindex="-1"
                >
                  <span
                    class="MuiIconButton-label"
                  >
                    <input
                      checked=""
                      class="PrivateSwitchBase-input-5"
                      disabled=""
                      name="drs_object_type"
                      type="radio"
                      value="false"
                    />
                    <div
                      class="PrivateRadioButtonIcon-root-6 PrivateRadioButtonIcon-checked-8"
                    >
                      <svg
                        aria-hidden="true"
                        class="MuiSvgIcon-root"
                        focusable="false"
                        viewBox="0 0 24 24"
                      >
                        <path
                          d="M12 2C6.48 2 2 6.48 2 12s4.48 10 10 10 10-4.48 10-10S17.52 2 12 2zm0 18c-4.42 0-8-3.58-8-8s3.58-8 8-8 8 3.58 8 8-3.58 8-8 8z"
                        />
                      </svg>
                      <svg
                        aria-hidden="true"
                        class="MuiSvgIcon-root PrivateRadioButtonIcon-layer-7"
                        focusable="false"
                        viewBox="0 0 24 24"
                      >
                        <path
                          d="M8.465 8.465C9.37 7.56 10.62 7 12 7C14.76 7 17 9.24 17 12C17 13.38 16.44 14.63 15.535 15.535C14.63 16.44 13.38 17 12 17C9.24 17 7 14.76 7 12C7 10.62 7.56 9.37 8.465 8.465Z"
                        />
                      </svg>
                    </div>
                  </span>
                </span>
                <span
                  class="MuiTypography-root MuiFormControlLabel-label Mui-disabled MuiTypography-body1"
                >
                  Blob
                </span>
              </label>
              <label
                class="MuiFormControlLabel-root Mui-disabled"
              >
                <span
                  aria-disabled="true"
                  class="MuiButtonBase-root MuiIconButton-root PrivateSwitchBase-root-2 MuiRadio-root MuiRadio-colorPrimary PrivateSwitchBase-disabled-4 Mui-disabled MuiIconButton-colorPrimary Mui-disabled Mui-disabled"
                  tabindex="-1"
                >
                  <span
                    class="MuiIconButton-label"
                  >
                    <input
                      class="PrivateSwitchBase-input-5"
                      disabled=""
                      name="drs_object_type"
                      type="radio"
                      value="true"
                    />
                    <div
                      class="PrivateRadioButtonIcon-root-6"
                    >
                      <svg
                        aria-hidden="true"
                        class="MuiSvgIcon-root"
                        focusable="false"
                        viewBox="0 0 24 24"
                      >
                        <path
                          d="M12 2C6.48 2 2 6.48 2 12s4.48 10 10 10 10-4.48 10-10S17.52 2 12 2zm0 18c-4.42 0-8-3.58-8-8s3.58-8 8-8 8 3.58 8 8-3.58 8-8 8z"
                        />
                      </svg>
                      <svg
                        aria-hidden="true"
                        class="MuiSvgIcon-root PrivateRadioButtonIcon-layer-7"
                        focusable="false"
                        viewBox="0 0 24 24"
                      >
                        <path
                          d="M8.465 8.465C9.37 7.56 10.62 7 12 7C14.76 7 17 9.24 17 12C17 13.38 16.44 14.63 15.535 15.535C14.63 16.44 13.38 17 12 17C9.24 17 7 14.76 7 12C7 10.62 7.56 9.37 8.465 8.465Z"
                        />
                      </svg>
                    </div>
                  </span>
                </span>
                <span
                  class="MuiTypography-root MuiFormControlLabel-label Mui-disabled MuiTypography-body1"
                >
                  Bundle
                </span>
              </label>
            </div>
          </div>
          <div
            class="MuiGrid-root MuiGrid-container MuiGrid-spacing-xs-4"
          >
            <div
              class="MuiGrid-root MuiGrid-item MuiGrid-grid-xs-4"
            >
              <div
                class="MuiFormControl-root MuiFormControl-fullWidth"
              >
                <div
                  class="MuiFormControl-root MuiTextField-root MuiFormControl-marginNormal"
                >
                  <label
                    class="MuiFormLabel-root MuiInputLabel-root MuiInputLabel-formControl MuiInputLabel-animated MuiInputLabel-shrink MuiFormLabel-filled"
                    data-shrink="true"
                    for="mime_type"
                    id="mime_type-label"
                  >
                    MIME Type
                  </label>
                  <div
                    class="MuiInputBase-root MuiInput-root MuiInput-underline MuiInputBase-formControl MuiInput-formControl"
                  >
                    <input
                      aria-describedby="mime_type-helper-text"
                      aria-invalid="false"
                      class="MuiInputBase-input MuiInput-input"
                      id="mime_type"
                      name="mime_type"
                      readonly=""
                      type="text"
                      value="application/json"
                    />
                  </div>
                  <p
                    class="MuiFormHelperText-root MuiFormHelperText-filled"
                    id="mime_type-helper-text"
                  >
                    The media type of the DRS Object
                  </p>
                </div>
              </div>
            </div>
            <div
              class="MuiGrid-root MuiGrid-item MuiGrid-grid-xs-4"
            >
              <div
                class="MuiFormControl-root MuiFormControl-fullWidth"
              >
                <div
                  class="MuiFormControl-root MuiTextField-root MuiFormControl-marginNormal"
                >
                  <label
                    class="MuiFormLabel-root MuiInputLabel-root MuiInputLabel-formControl MuiInputLabel-animated MuiInputLabel-shrink MuiFormLabel-filled"
                    data-shrink="true"
                    for="size"
                    id="size-label"
                  >
                    Size
                  </label>
                  <div
                    class="MuiInputBase-root MuiInput-root MuiInput-underline MuiInputBase-formControl MuiInput-formControl"
                  >
                    <input
                      aria-describedby="size-helper-text"
                      aria-invalid="false"
                      class="MuiInputBase-input MuiInput-input"
                      id="size"
                      name="size"
                      readonly=""
                      type="number"
                      value="4257"
                    />
                  </div>
                  <p
                    class="MuiFormHelperText-root MuiFormHelperText-filled"
                    id="size-helper-text"
                  >
                    The size (in bytes) of the DRS Object represented as an integer.
                  </p>
                </div>
              </div>
            </div>
          </div>
          <div
            class="MuiFormGroup-root"
          >
            <div
              class="MuiBox-root MuiBox-root-9"
            >
              <hr
                class="MuiDivider-root"
              />
            </div>
            <h6
              class="MuiTypography-root MuiTypography-h6 MuiTypography-alignLeft"
            >
              Aliases
            </h6>
            <p
              class="MuiTypography-root MuiTypography-body2 MuiTypography-colorTextSecondary MuiTypography-alignLeft"
            >
              A list of aliases that can be used to identify the DRS Object by additional names.
            </p>
            <div
              class="MuiFormGroup-root MuiFormGroup-row"
            >
              <div
                class="MuiGrid-root MuiGrid-container MuiGrid-spacing-xs-4 MuiGrid-align-items-xs-center"
              >
                <div
                  class="MuiGrid-root MuiGrid-item"
                >
                  <div
                    class="MuiFormGroup-root MuiFormGroup-row"
                  >
                    <div
                      class="MuiFormControl-root"
                    >
                      <div
                        class="MuiFormControl-root MuiTextField-root MuiFormControl-marginNormal"
                      >
                        <label
                          class="MuiFormLabel-root MuiInputLabel-root MuiInputLabel-formControl MuiInputLabel-animated MuiInputLabel-shrink MuiInputLabel-outlined MuiFormLabel-filled"
                          data-shrink="true"
                          for="alias-0"
                          id="alias-0-label"
                        >
                          Alias
                        </label>
                        <div
                          class="MuiInputBase-root MuiOutlinedInput-root MuiInputBase-formControl"
                        >
                          <input
                            aria-invalid="false"
                            class="MuiInputBase-input MuiOutlinedInput-input"
                            id="alias-0"
                            name="alias"
                            readonly=""
                            type="text"
                            value="Cao-FBN1-1"
                          />
                          <fieldset
                            aria-hidden="true"
                            class="PrivateNotchedOutline-root-10 MuiOutlinedInput-notchedOutline"
                          >
                            <legend
                              class="PrivateNotchedOutline-legendLabelled-12 PrivateNotchedOutline-legendNotched-13"
                            >
                              <span>
                                Alias
                              </span>
                            </legend>
                          </fieldset>
                        </div>
                      </div>
                    </div>
                    <div
                      class="MuiBox-root MuiBox-root-14"
                    >
                      <div />
                    </div>
                  </div>
                </div>
                <div
                  class="MuiGrid-root MuiGrid-item"
                >
                  <div />
                </div>
              </div>
            </div>
          </div>
          <div
            class="MuiFormGroup-root"
          >
            <div
              class="MuiBox-root MuiBox-root-15"
            >
              <hr
                class="MuiDivider-root"
              />
            </div>
            <h6
              class="MuiTypography-root MuiTypography-h6 MuiTypography-alignLeft"
            >
              Checksums
            </h6>
            <p
              class="MuiTypography-root MuiTypography-body2 MuiTypography-colorTextSecondary MuiTypography-alignLeft"
            >
              Each single-blob DRS Object must report one or more checksums, recording the digest algorithm and value of the DRS Object bytes. The following list displays the recorded digest algorithms and corresponding values for this DRS Object.
            </p>
            <div
              class="MuiFormGroup-root MuiFormGroup-row"
            >
              <div
                class="MuiGrid-root MuiGrid-container MuiGrid-spacing-xs-4 MuiGrid-align-items-xs-center"
              >
                <div
                  class="MuiGrid-root MuiGrid-item"
                >
                  <div
                    class="MuiFormControl-root MuiFormControl-fullWidth"
                  >
                    <div
                      align="left"
                      class="MuiFormControl-root MuiTextField-root MuiFormControl-marginNormal MuiFormControl-fullWidth"
                    >
                      <label
                        class="MuiFormLabel-root MuiInputLabel-root MuiInputLabel-formControl MuiInputLabel-animated MuiInputLabel-shrink MuiInputLabel-outlined MuiFormLabel-filled"
                        data-shrink="true"
                        for="ChecksumType0"
                        id="ChecksumType0-label"
                      >
                        Type
                      </label>
                      <div
                        class="MuiInputBase-root MuiOutlinedInput-root MuiInputBase-fullWidth MuiInputBase-formControl"
                      >
                        <div
                          aria-haspopup="listbox"
                          aria-labelledby="ChecksumType0-label ChecksumType0"
                          class="MuiSelect-root MuiSelect-select MuiSelect-selectMenu MuiSelect-outlined MuiInputBase-input MuiOutlinedInput-input"
                          id="ChecksumType0"
                          role="button"
                          tabindex="0"
                        >
                          md5
                        </div>
                        <input
                          aria-describedby="ChecksumType0-helper-text"
                          aria-hidden="true"
                          class="MuiSelect-nativeInput"
                          name="type"
                          tabindex="-1"
                          value="md5"
                        />
                        <svg
                          aria-hidden="true"
                          class="MuiSvgIcon-root MuiSelect-icon MuiSelect-iconOutlined"
                          focusable="false"
                          viewBox="0 0 24 24"
                        >
                          <path
                            d="M7 10l5 5 5-5z"
                          />
                        </svg>
                        <fieldset
                          aria-hidden="true"
                          class="PrivateNotchedOutline-root-10 MuiOutlinedInput-notchedOutline"
                        >
                          <legend
                            class="PrivateNotchedOutline-legendLabelled-12 PrivateNotchedOutline-legendNotched-13"
                          >
                            <span>
                              Type
                            </span>
                          </legend>
                        </fieldset>
                      </div>
                      <p
                        class="MuiFormHelperText-root MuiFormHelperText-contained MuiFormHelperText-filled"
                        id="ChecksumType0-helper-text"
                      >
                        Hashing algorithm used to generate the checksum.
                      </p>
                    </div>
                  </div>
                </div>
                <div
                  class="MuiGrid-root MuiGrid-item MuiGrid-grid-xs-true"
                >
                  <div
                    class="MuiFormControl-root MuiFormControl-fullWidth"
                  >
                    <div
                      class="MuiFormControl-root MuiTextField-root MuiFormControl-marginNormal MuiFormControl-fullWidth"
                    >
                      <label
                        class="MuiFormLabel-root MuiInputLabel-root MuiInputLabel-formControl MuiInputLabel-animated MuiInputLabel-shrink MuiInputLabel-outlined MuiFormLabel-filled"
                        data-shrink="true"
                        for="ChecksumValue0"
                        id="ChecksumValue0-label"
                      >
                        Checksum
                      </label>
                      <div
                        class="MuiInputBase-root MuiOutlinedInput-root MuiInputBase-fullWidth MuiInputBase-formControl"
                      >
                        <input
                          aria-describedby="ChecksumValue0-helper-text"
                          aria-invalid="false"
                          class="MuiInputBase-input MuiOutlinedInput-input"
                          id="ChecksumValue0"
                          name="checksum"
                          readonly=""
                          type="text"
                          value="f81ea43c74824cc72c77a39a92bf7b71"
                        />
                        <fieldset
                          aria-hidden="true"
                          class="PrivateNotchedOutline-root-10 MuiOutlinedInput-notchedOutline"
                        >
                          <legend
                            class="PrivateNotchedOutline-legendLabelled-12 PrivateNotchedOutline-legendNotched-13"
                          >
                            <span>
                              Checksum
                            </span>
                          </legend>
                        </fieldset>
                      </div>
                      <p
                        class="MuiFormHelperText-root MuiFormHelperText-contained MuiFormHelperText-filled"
                        id="ChecksumValue0-helper-text"
                      >
                        Checksum digest value.
                      </p>
                    </div>
                  </div>
                </div>
                <div />
              </div>
            </div>
            <div
              class="MuiFormGroup-root MuiFormGroup-row"
            >
              <div
                class="MuiGrid-root MuiGrid-container MuiGrid-spacing-xs-4 MuiGrid-align-items-xs-center"
              >
                <div
                  class="MuiGrid-root MuiGrid-item"
                >
                  <div
                    class="MuiFormControl-root MuiFormControl-fullWidth"
                  >
                    <div
                      align="left"
                      class="MuiFormControl-root MuiTextField-root MuiFormControl-marginNormal MuiFormControl-fullWidth"
                    >
                      <label
                        class="MuiFormLabel-root MuiInputLabel-root MuiInputLabel-formControl MuiInputLabel-animated MuiInputLabel-shrink MuiInputLabel-outlined MuiFormLabel-filled"
                        data-shrink="true"
                        for="ChecksumType1"
                        id="ChecksumType1-label"
                      >
                        Type
                      </label>
                      <div
                        class="MuiInputBase-root MuiOutlinedInput-root MuiInputBase-fullWidth MuiInputBase-formControl"
                      >
                        <div
                          aria-haspopup="listbox"
                          aria-labelledby="ChecksumType1-label ChecksumType1"
                          class="MuiSelect-root MuiSelect-select MuiSelect-selectMenu MuiSelect-outlined MuiInputBase-input MuiOutlinedInput-input"
                          id="ChecksumType1"
                          role="button"
                          tabindex="0"
                        >
                          sha1
                        </div>
                        <input
                          aria-describedby="ChecksumType1-helper-text"
                          aria-hidden="true"
                          class="MuiSelect-nativeInput"
                          name="type"
                          tabindex="-1"
                          value="sha1"
                        />
                        <svg
                          aria-hidden="true"
                          class="MuiSvgIcon-root MuiSelect-icon MuiSelect-iconOutlined"
                          focusable="false"
                          viewBox="0 0 24 24"
                        >
                          <path
                            d="M7 10l5 5 5-5z"
                          />
                        </svg>
                        <fieldset
                          aria-hidden="true"
                          class="PrivateNotchedOutline-root-10 MuiOutlinedInput-notchedOutline"
                        >
                          <legend
                            class="PrivateNotchedOutline-legendLabelled-12 PrivateNotchedOutline-legendNotched-13"
                          >
                            <span>
                              Type
                            </span>
                          </legend>
                        </fieldset>
                      </div>
                      <p
                        class="MuiFormHelperText-root MuiFormHelperText-contained MuiFormHelperText-filled"
                        id="ChecksumType1-helper-text"
                      >
                        Hashing algorithm used to generate the checksum.
                      </p>
                    </div>
                  </div>
                </div>
                <div
                  class="MuiGrid-root MuiGrid-item MuiGrid-grid-xs-true"
                >
                  <div
                    class="MuiFormControl-root MuiFormControl-fullWidth"
                  >
                    <div
                      class="MuiFormControl-root MuiTextField-root MuiFormControl-marginNormal MuiFormControl-fullWidth"
                    >
                      <label
                        class="MuiFormLabel-root MuiInputLabel-root MuiInputLabel-formControl MuiInputLabel-animated MuiInputLabel-shrink MuiInputLabel-outlined MuiFormLabel-filled"
                        data-shrink="true"
                        for="ChecksumValue1"
                        id="ChecksumValue1-label"
                      >
                        Checksum
                      </label>
                      <div
                        class="MuiInputBase-root MuiOutlinedInput-root MuiInputBase-fullWidth MuiInputBase-formControl"
                      >
                        <input
                          aria-describedby="ChecksumValue1-helper-text"
                          aria-invalid="false"
                          class="MuiInputBase-input MuiOutlinedInput-input"
                          id="ChecksumValue1"
                          name="checksum"
                          readonly=""
                          type="text"
                          value="34880a6b8aa517a6999da912614753ffb0a837a8"
                        />
                        <fieldset
                          aria-hidden="true"
                          class="PrivateNotchedOutline-root-10 MuiOutlinedInput-notchedOutline"
                        >
                          <legend
                            class="PrivateNotchedOutline-legendLabelled-12 PrivateNotchedOutline-legendNotched-13"
                          >
                            <span>
                              Checksum
                            </span>
                          </legend>
                        </fieldset>
                      </div>
                      <p
                        class="MuiFormHelperText-root MuiFormHelperText-contained MuiFormHelperText-filled"
                        id="ChecksumValue1-helper-text"
                      >
                        Checksum digest value.
                      </p>
                    </div>
                  </div>
                </div>
                <div />
              </div>
            </div>
            <div
              class="MuiFormGroup-root MuiFormGroup-row"
            >
              <div
                class="MuiGrid-root MuiGrid-container MuiGrid-spacing-xs-4 MuiGrid-align-items-xs-center"
              >
                <div
                  class="MuiGrid-root MuiGrid-item"
                >
                  <div
                    class="MuiFormControl-root MuiFormControl-fullWidth"
                  >
                    <div
                      align="left"
                      class="MuiFormControl-root MuiTextField-root MuiFormControl-marginNormal MuiFormControl-fullWidth"
                    >
                      <label
                        class="MuiFormLabel-root MuiInputLabel-root MuiInputLabel-formControl MuiInputLabel-animated MuiInputLabel-shrink MuiInputLabel-outlined MuiFormLabel-filled"
                        data-shrink="true"
                        for="ChecksumType2"
                        id="ChecksumType2-label"
                      >
                        Type
                      </label>
                      <div
                        class="MuiInputBase-root MuiOutlinedInput-root MuiInputBase-fullWidth MuiInputBase-formControl"
                      >
                        <div
                          aria-haspopup="listbox"
                          aria-labelledby="ChecksumType2-label ChecksumType2"
                          class="MuiSelect-root MuiSelect-select MuiSelect-selectMenu MuiSelect-outlined MuiInputBase-input MuiOutlinedInput-input"
                          id="ChecksumType2"
                          role="button"
                          tabindex="0"
                        >
                          sha256
                        </div>
                        <input
                          aria-describedby="ChecksumType2-helper-text"
                          aria-hidden="true"
                          class="MuiSelect-nativeInput"
                          name="type"
                          tabindex="-1"
                          value="sha256"
                        />
                        <svg
                          aria-hidden="true"
                          class="MuiSvgIcon-root MuiSelect-icon MuiSelect-iconOutlined"
                          focusable="false"
                          viewBox="0 0 24 24"
                        >
                          <path
                            d="M7 10l5 5 5-5z"
                          />
                        </svg>
                        <fieldset
                          aria-hidden="true"
                          class="PrivateNotchedOutline-root-10 MuiOutlinedInput-notchedOutline"
                        >
                          <legend
                            class="PrivateNotchedOutline-legendLabelled-12 PrivateNotchedOutline-legendNotched-13"
                          >
                            <span>
                              Type
                            </span>
                          </legend>
                        </fieldset>
                      </div>
                      <p
                        class="MuiFormHelperText-root MuiFormHelperText-contained MuiFormHelperText-filled"
                        id="ChecksumType2-helper-text"
                      >
                        Hashing algorithm used to generate the checksum.
                      </p>
                    </div>
                  </div>
                </div>
                <div
                  class="MuiGrid-root MuiGrid-item MuiGrid-grid-xs-true"
                >
                  <div
                    class="MuiFormControl-root MuiFormControl-fullWidth"
                  >
                    <div
                      class="MuiFormControl-root MuiTextField-root MuiFormControl-marginNormal MuiFormControl-fullWidth"
                    >
                      <label
                        class="MuiFormLabel-root MuiInputLabel-root MuiInputLabel-formControl MuiInputLabel-animated MuiInputLabel-shrink MuiInputLabel-outlined MuiFormLabel-filled"
                        data-shrink="true"
                        for="ChecksumValue2"
                        id="ChecksumValue2-label"
                      >
                        Checksum
                      </label>
                      <div
                        class="MuiInputBase-root MuiOutlinedInput-root MuiInputBase-fullWidth MuiInputBase-formControl"
                      >
                        <input
                          aria-describedby="ChecksumValue2-helper-text"
                          aria-invalid="false"
                          class="MuiInputBase-input MuiOutlinedInput-input"
                          id="ChecksumValue2"
                          name="checksum"
                          readonly=""
                          type="text"
                          value="ec44e2ad7ec84c7c42ba57b205e67c7c7416ae1932029d8364cc053cef7abe58"
                        />
                        <fieldset
                          aria-hidden="true"
                          class="PrivateNotchedOutline-root-10 MuiOutlinedInput-notchedOutline"
                        >
                          <legend
                            class="PrivateNotchedOutline-legendLabelled-12 PrivateNotchedOutline-legendNotched-13"
                          >
                            <span>
                              Checksum
                            </span>
                          </legend>
                        </fieldset>
                      </div>
                      <p
                        class="MuiFormHelperText-root MuiFormHelperText-contained MuiFormHelperText-filled"
                        id="ChecksumValue2-helper-text"
                      >
                        Checksum digest value.
                      </p>
                    </div>
                  </div>
                </div>
                <div />
              </div>
            </div>
            <div />
          </div>
          <div
            class="MuiFormGroup-root"
          >
            <div
              class="MuiBox-root MuiBox-root-16"
            >
              <hr
                class="MuiDivider-root"
              />
            </div>
            <h6
              class="MuiTypography-root MuiTypography-h6 MuiTypography-alignLeft"
            >
              Parent Bundles
            </h6>
            <div>
              <p
                class="MuiTypography-root MuiTypography-body2 MuiTypography-colorTextSecondary MuiTypography-alignLeft"
              >
                The following listing displays all "Parent" DRS Bundles, that is, all bundles that contain the current DRS Object as one of its Children.
              </p>
            </div>
            <div
              class="MuiFormGroup-root MuiFormGroup-row"
            >
              <div
                class="MuiGrid-root MuiGrid-container MuiGrid-spacing-xs-4 MuiGrid-align-items-xs-center"
              >
                <div
                  class="MuiGrid-root MuiGrid-item MuiGrid-grid-xs-true"
                >
                  <div
                    class="MuiFormControl-root MuiFormControl-fullWidth"
                  >
                    <div
                      aria-label="ID_parents0"
                      class="MuiFormControl-root MuiTextField-root MuiFormControl-marginNormal MuiFormControl-fullWidth"
                    >
                      <label
                        class="MuiFormLabel-root MuiInputLabel-root MuiInputLabel-formControl MuiInputLabel-animated MuiInputLabel-shrink MuiInputLabel-outlined MuiFormLabel-filled"
                        data-shrink="true"
                        for="ID_parents0"
                        id="ID_parents0-label"
                      >
                        Id
                      </label>
                      <div
                        class="MuiInputBase-root MuiOutlinedInput-root MuiInputBase-fullWidth MuiInputBase-formControl"
                      >
                        <input
                          aria-invalid="false"
                          class="MuiInputBase-input MuiOutlinedInput-input"
                          id="ID_parents0"
                          name="a1dd4ae2-8d26-43b0-a199-342b64c7dff6"
                          readonly=""
                          type="text"
                          value="a1dd4ae2-8d26-43b0-a199-342b64c7dff6"
                        />
                        <fieldset
                          aria-hidden="true"
                          class="PrivateNotchedOutline-root-10 MuiOutlinedInput-notchedOutline"
                        >
                          <legend
                            class="PrivateNotchedOutline-legendLabelled-12 PrivateNotchedOutline-legendNotched-13"
                          >
                            <span>
                              Id
                            </span>
                          </legend>
                        </fieldset>
                      </div>
                    </div>
                  </div>
                </div>
                <div
                  class="MuiGrid-root MuiGrid-item MuiGrid-grid-xs-true"
                >
                  <div
                    class="MuiFormControl-root MuiFormControl-fullWidth"
                  >
                    <div
                      aria-label="Name_parents0"
                      class="MuiFormControl-root MuiTextField-root MuiFormControl-marginNormal MuiFormControl-fullWidth"
                    >
                      <label
                        class="MuiFormLabel-root MuiInputLabel-root MuiInputLabel-formControl MuiInputLabel-animated MuiInputLabel-shrink MuiInputLabel-outlined MuiFormLabel-filled"
                        data-shrink="true"
                        for="Name_parents0"
                        id="Name_parents0-label"
                      >
                        Name
                      </label>
                      <div
                        class="MuiInputBase-root MuiOutlinedInput-root MuiInputBase-fullWidth MuiInputBase-formControl"
                      >
                        <input
                          aria-invalid="false"
                          class="MuiInputBase-input MuiOutlinedInput-input"
                          id="Name_parents0"
                          name="phenopackets.cao.family"
                          readonly=""
                          type="text"
                          value="phenopackets.cao.family"
                        />
                        <fieldset
                          aria-hidden="true"
                          class="PrivateNotchedOutline-root-10 MuiOutlinedInput-notchedOutline"
                        >
                          <legend
                            class="PrivateNotchedOutline-legendLabelled-12 PrivateNotchedOutline-legendNotched-13"
                          >
                            <span>
                              Name
                            </span>
                          </legend>
                        </fieldset>
                      </div>
                    </div>
                  </div>
                </div>
                <div
                  class="MuiGrid-root MuiGrid-item MuiGrid-grid-xs-1"
                >
                  <a
                    aria-disabled="false"
                    aria-label="view-relative"
                    class="MuiButtonBase-root MuiButton-root MuiButton-contained MuiButton-containedPrimary"
                    href="/drs/a1dd4ae2-8d26-43b0-a199-342b64c7dff6"
                    role="button"
                    tabindex="0"
                    title="View DrsObject with id 'a1dd4ae2-8d26-43b0-a199-342b64c7dff6'"
                  >
                    <span
                      class="MuiButton-label"
                    >
                      <span
                        class="MuiTypography-root MuiTypography-button"
                      >
                        View
                      </span>
                    </span>
                    <span
                      class="MuiTouchRipple-root"
                    />
                  </a>
                </div>
                <div />
              </div>
            </div>
            <div />
          </div>
          <div
            class="MuiFormGroup-root"
          >
            <div
              class="MuiBox-root MuiBox-root-17"
            >
              <hr
                class="MuiDivider-root"
              />
            </div>
            <h6
              class="MuiTypography-root MuiTypography-h6 MuiTypography-alignLeft"
            >
              Access Points
            </h6>
            <p
              class="MuiTypography-root MuiTypography-body2 MuiTypography-colorTextSecondary MuiTypography-alignLeft"
            >
              A DRS Object may contain multiple access points for fetching the raw bytes. Multiple access points give the client options in choosing the best data source for their use case (e.g. based on geographic proximity to the data). All access points associated with a single DRS Object must have the same bytes.
            </p>
            <div
              class="MuiFormGroup-root"
            >
              <br />
              <p
                class="MuiTypography-root MuiTypography-body1 MuiTypography-alignLeft"
              >
                Local File Access Points
              </p>
              <p
                class="MuiTypography-root MuiTypography-body2 MuiTypography-colorTextSecondary MuiTypography-alignLeft"
              >
                Local file access points represent local files available on the same filesystem where the DRS service is running. This can also include files co-located on Network Attached Storage (NAS), such as on a high-performance compute cluster (HPC).
              </p>
              <div
                class="MuiGrid-root MuiGrid-container MuiGrid-spacing-xs-4 MuiGrid-align-items-xs-center"
              >
                <div
                  class="MuiGrid-root MuiGrid-item MuiGrid-grid-xs-true"
                >
                  <div
                    class="MuiFormControl-root MuiFormControl-fullWidth"
                  >
                    <div
                      class="MuiFormControl-root MuiTextField-root MuiFormControl-marginNormal"
                    >
                      <label
                        class="MuiFormLabel-root MuiInputLabel-root MuiInputLabel-formControl MuiInputLabel-animated MuiInputLabel-shrink MuiInputLabel-outlined MuiFormLabel-filled"
                        data-shrink="true"
                        for="FileAccessObject-path-0"
                        id="FileAccessObject-path-0-label"
                      >
                        Path
                      </label>
                      <div
                        class="MuiInputBase-root MuiOutlinedInput-root MuiInputBase-formControl"
                      >
                        <input
                          aria-describedby="FileAccessObject-path-0-helper-text"
                          aria-invalid="false"
                          class="MuiInputBase-input MuiOutlinedInput-input"
                          id="FileAccessObject-path-0"
                          name="path"
                          readonly=""
                          type="text"
                          value="./src/test/resources/data/phenopackets/Cao-2018-FBN1-Patient_1.json"
                        />
                        <fieldset
                          aria-hidden="true"
                          class="PrivateNotchedOutline-root-10 MuiOutlinedInput-notchedOutline"
                        >
                          <legend
                            class="PrivateNotchedOutline-legendLabelled-12 PrivateNotchedOutline-legendNotched-13"
                          >
                            <span>
                              Path
                            </span>
                          </legend>
                        </fieldset>
                      </div>
                      <p
                        class="MuiFormHelperText-root MuiFormHelperText-contained MuiFormHelperText-filled"
                        id="FileAccessObject-path-0-helper-text"
                      >
                        The filesystem path to the local file storing DRS Object bytes
                      </p>
                    </div>
                  </div>
                </div>
                <div />
              </div>
              <div />
            </div>
            <div
              class="MuiFormGroup-root"
            >
              <br />
              <p
                class="MuiTypography-root MuiTypography-body1 MuiTypography-alignLeft"
              >
                AWS S3 Access Points
              </p>
              <p
                class="MuiTypography-root MuiTypography-body2 MuiTypography-colorTextSecondary MuiTypography-alignLeft"
              >
                Represents objects stored in AWS S3 containing DRS Object bytes.
              </p>
              <div
                class="MuiFormGroup-root MuiFormGroup-row"
              >
                <div
                  class="MuiGrid-root MuiGrid-container MuiGrid-spacing-xs-4 MuiGrid-align-items-xs-center"
                >
                  <div
                    class="MuiGrid-root MuiGrid-item MuiGrid-grid-xs-true"
                  >
                    <div
                      class="MuiFormControl-root MuiFormControl-fullWidth"
                    >
                      <div
                        class="MuiFormControl-root MuiTextField-root MuiFormControl-marginNormal MuiFormControl-fullWidth"
                      >
                        <label
                          class="MuiFormLabel-root MuiInputLabel-root MuiInputLabel-formControl MuiInputLabel-animated MuiInputLabel-shrink MuiInputLabel-outlined MuiFormLabel-filled"
                          data-shrink="true"
                          for="AwsS3AccessObject-region-0"
                          id="AwsS3AccessObject-region-0-label"
                        >
                          Region
                        </label>
                        <div
                          class="MuiInputBase-root MuiOutlinedInput-root MuiInputBase-fullWidth MuiInputBase-formControl"
                        >
                          <input
                            aria-describedby="AwsS3AccessObject-region-0-helper-text"
                            aria-invalid="false"
                            class="MuiInputBase-input MuiOutlinedInput-input"
                            id="AwsS3AccessObject-region-0"
                            name="region"
                            readonly=""
                            type="text"
                            value="us-east-2"
                          />
                          <fieldset
                            aria-hidden="true"
                            class="PrivateNotchedOutline-root-10 MuiOutlinedInput-notchedOutline"
                          >
                            <legend
                              class="PrivateNotchedOutline-legendLabelled-12 PrivateNotchedOutline-legendNotched-13"
                            >
                              <span>
                                Region
                              </span>
                            </legend>
                          </fieldset>
                        </div>
                        <p
                          class="MuiFormHelperText-root MuiFormHelperText-contained MuiFormHelperText-filled"
                          id="AwsS3AccessObject-region-0-helper-text"
                        >
                          Region where AWS S3 bucket is located.
                        </p>
                      </div>
                    </div>
                  </div>
                  <div
                    class="MuiGrid-root MuiGrid-item MuiGrid-grid-xs-true"
                  >
                    <div
                      class="MuiFormControl-root MuiFormControl-fullWidth"
                    >
                      <div
                        class="MuiFormControl-root MuiTextField-root MuiFormControl-marginNormal MuiFormControl-fullWidth"
                      >
                        <label
                          class="MuiFormLabel-root MuiInputLabel-root MuiInputLabel-formControl MuiInputLabel-animated MuiInputLabel-shrink MuiInputLabel-outlined MuiFormLabel-filled"
                          data-shrink="true"
                          for="AwsS3AccessObject-bucket-0"
                          id="AwsS3AccessObject-bucket-0-label"
                        >
                          Bucket
                        </label>
                        <div
                          class="MuiInputBase-root MuiOutlinedInput-root MuiInputBase-fullWidth MuiInputBase-formControl"
                        >
                          <input
                            aria-describedby="AwsS3AccessObject-bucket-0-helper-text"
                            aria-invalid="false"
                            class="MuiInputBase-input MuiOutlinedInput-input"
                            id="AwsS3AccessObject-bucket-0"
                            name="bucket"
                            readonly=""
                            type="text"
                            value="ga4gh-demo-data"
                          />
                          <fieldset
                            aria-hidden="true"
                            class="PrivateNotchedOutline-root-10 MuiOutlinedInput-notchedOutline"
                          >
                            <legend
                              class="PrivateNotchedOutline-legendLabelled-12 PrivateNotchedOutline-legendNotched-13"
                            >
                              <span>
                                Bucket
                              </span>
                            </legend>
                          </fieldset>
                        </div>
                        <p
                          class="MuiFormHelperText-root MuiFormHelperText-contained MuiFormHelperText-filled"
                          id="AwsS3AccessObject-bucket-0-helper-text"
                        >
                          AWS S3 bucket containing the DRS Object.
                        </p>
                      </div>
                    </div>
                  </div>
                  <div
                    class="MuiGrid-root MuiGrid-item MuiGrid-grid-xs-5"
                  >
                    <div
                      class="MuiFormControl-root MuiFormControl-fullWidth"
                    >
                      <div
                        class="MuiFormControl-root MuiTextField-root MuiFormControl-marginNormal MuiFormControl-fullWidth"
                      >
                        <label
                          class="MuiFormLabel-root MuiInputLabel-root MuiInputLabel-formControl MuiInputLabel-animated MuiInputLabel-shrink MuiInputLabel-outlined MuiFormLabel-filled"
                          data-shrink="true"
                          for="AwsS3AccessObject-key-0"
                          id="AwsS3AccessObject-key-0-label"
                        >
                          Key
                        </label>
                        <div
                          class="MuiInputBase-root MuiOutlinedInput-root MuiInputBase-fullWidth MuiInputBase-formControl"
                        >
                          <input
                            aria-describedby="AwsS3AccessObject-key-0-helper-text"
                            aria-invalid="false"
                            class="MuiInputBase-input MuiOutlinedInput-input"
                            id="AwsS3AccessObject-key-0"
                            name="key"
                            readonly=""
                            type="text"
                            value="/phenopackets/Cao-2018-FBN1-Patient_1.json"
                          />
                          <fieldset
                            aria-hidden="true"
                            class="PrivateNotchedOutline-root-10 MuiOutlinedInput-notchedOutline"
                          >
                            <legend
                              class="PrivateNotchedOutline-legendLabelled-12 PrivateNotchedOutline-legendNotched-13"
                            >
                              <span>
                                Key
                              </span>
                            </legend>
                          </fieldset>
                        </div>
                        <p
                          class="MuiFormHelperText-root MuiFormHelperText-contained MuiFormHelperText-filled"
                          id="AwsS3AccessObject-key-0-helper-text"
                        >
                          Path within the bucket to the S3 object storing DRS Object bytes.
                        </p>
                      </div>
                    </div>
                  </div>
                  <div />
                </div>
              </div>
              <div />
            </div>
          </div>
        </form>
      </div>
    </div>
  </div>
</div>
`;
