// Jest Snapshot v1, https://goo.gl/fbAQLP

exports[`DrsMain default Index render 1`] = `
<div>
  <div
    align="center"
  >
    <meta
      content="minimum-scale=1, initial-scale=1, width=device-width"
      name="viewport"
    />
    <div
      class="MuiContainer-root MuiContainer-maxWidthLg"
    >
      <div
        class="MuiGrid-root MuiGrid-container MuiGrid-align-items-xs-center MuiGrid-justify-xs-space-between"
      >
        <div
          align="left"
          class="MuiGrid-root MuiGrid-item MuiGrid-grid-xs-2"
        >
          <a
            aria-disabled="false"
            class="MuiButtonBase-root MuiButton-root MuiButton-contained MuiButton-containedPrimary MuiButton-containedSizeLarge MuiButton-sizeLarge"
            href="/"
            role="button"
            tabindex="0"
          >
            <span
              class="MuiButton-label"
            >
              <span
                class="MuiTypography-root MuiTypography-button"
              >
                Home
              </span>
            </span>
            <span
              class="MuiTouchRipple-root"
            />
          </a>
        </div>
        <div
          class="MuiGrid-root MuiGrid-item MuiGrid-grid-xs-8"
        >
          <h2
            class="MuiTypography-root MuiTypography-h2 MuiTypography-gutterBottom"
          >
            Welcome to DRS Starter Kit
          </h2>
        </div>
        <div
          align="right"
          class="MuiGrid-root MuiGrid-item MuiGrid-grid-xs-2"
        >
          <a
            aria-disabled="false"
            class="MuiButtonBase-root MuiButton-root MuiButton-contained MuiButton-containedPrimary MuiButton-containedSizeLarge MuiButton-sizeLarge"
            href="/drs/new"
            role="button"
            tabindex="0"
          >
            <span
              class="MuiButton-label"
            >
              <span
                class="MuiTypography-root MuiTypography-button"
              >
                New DRS Object
              </span>
            </span>
            <span
              class="MuiTouchRipple-root"
            />
          </a>
        </div>
      </div>
    </div>
    <div
      class="MuiContainer-root MuiContainer-maxWidthLg"
    >
      <div
        class="MuiTableContainer-root"
      >
        <table
          class="MuiTable-root"
        >
          <thead
            class="MuiTableHead-root"
          >
            <tr
              class="MuiTableRow-root MuiTableRow-head"
            >
              <th
                class="MuiTableCell-root MuiTableCell-head MuiTableCell-alignLeft"
                scope="col"
              >
                <h5
                  class="MuiTypography-root MuiTypography-h5"
                >
                  DRS Object ID
                </h5>
              </th>
              <th
                class="MuiTableCell-root MuiTableCell-head MuiTableCell-alignLeft"
                scope="col"
              >
                <h5
                  class="MuiTypography-root MuiTypography-h5"
                >
                  Name
                </h5>
              </th>
              <th
                class="MuiTableCell-root MuiTableCell-head MuiTableCell-alignCenter"
                scope="col"
              >
                <h5
                  class="MuiTypography-root MuiTypography-h5"
                >
                  View Details
                </h5>
              </th>
              <th
                class="MuiTableCell-root MuiTableCell-head MuiTableCell-alignCenter"
                scope="col"
              >
                <h5
                  class="MuiTypography-root MuiTypography-h5"
                >
                  Edit
                </h5>
              </th>
            </tr>
          </thead>
          <tbody
            class="MuiTableBody-root"
          />
        </table>
      </div>
    </div>
  </div>
</div>
`;
