// Jest Snapshot v1, https://goo.gl/fbAQLP

exports[`NEW and EDIT <UpdatedTime /> 1`] = `
<div
  class="MuiFormControl-root MuiFormControl-fullWidth"
>
  <div
    class="MuiFormControl-root MuiTextField-root MuiFormControl-marginNormal"
    format="yyyy-MM-dd HH:mm:ss OOOO"
  >
    <label
      class="MuiFormLabel-root MuiInputLabel-root MuiInputLabel-formControl MuiInputLabel-animated MuiInputLabel-shrink MuiFormLabel-filled"
      data-shrink="true"
      for="updated_time"
      id="updated_time-label"
    >
      Updated Time
    </label>
    <div
      class="MuiInputBase-root MuiInput-root MuiInput-underline MuiInputBase-formControl MuiInput-formControl"
    >
      <input
        aria-describedby="updated_time-helper-text"
        aria-invalid="false"
        class="MuiInputBase-input MuiInput-input"
        id="updated_time"
        name="updated_time"
        readonly=""
        type="text"
        value="2021-07-22 09:00:00 GMT-04:00"
      />
    </div>
    <p
      class="MuiFormHelperText-root MuiFormHelperText-filled"
      id="updated_time-helper-text"
    >
      Timestamp of when the DRS Object was most recently updated in ISO 8601 format.
    </p>
  </div>
</div>
`;

exports[`SHOW <UpdatedTime />  1`] = `
<div
  class="MuiFormControl-root MuiFormControl-fullWidth"
>
  <div
    class="MuiFormControl-root MuiTextField-root MuiFormControl-marginNormal"
    format="yyyy-MM-dd HH:mm:ss OOOO"
    readonly=""
  >
    <label
      class="MuiFormLabel-root MuiInputLabel-root MuiInputLabel-formControl MuiInputLabel-animated MuiInputLabel-shrink MuiFormLabel-filled"
      data-shrink="true"
      for="updated_time"
      id="updated_time-label"
    >
      Updated Time
    </label>
    <div
      class="MuiInputBase-root MuiInput-root MuiInput-underline MuiInputBase-formControl MuiInput-formControl"
    >
      <input
        aria-describedby="updated_time-helper-text"
        aria-invalid="false"
        class="MuiInputBase-input MuiInput-input"
        id="updated_time"
        name="updated_time"
        readonly=""
        type="text"
        value="2021-07-22 09:00:00 GMT-04:00"
      />
    </div>
    <p
      class="MuiFormHelperText-root MuiFormHelperText-filled"
      id="updated_time-helper-text"
    >
      Timestamp of when the DRS Object was most recently updated in ISO 8601 format.
    </p>
  </div>
</div>
`;
